INFO     root:test_os_lib.py:6 <function abspath at 0x104e01580>
